MASON SIMULATOR
===============

____INITIALIZING______________________________________________________________

Opening reference and variants file ... OK
Opening output file simulator.left2.fq ... OK
Opening output file simulator.right2.fq ... OK
Opening output file simulator.out2.sam... OK
Initializing fragment-to-contig distribution ... OK
Initializing simulation threads ... OK

____READ SIMULATION___________________________________________________________

Distributing fragments to 2 contigs (2 haplotypes each) ... OK

Simulating Reads:
  1 (allele 1) .. (445 fragments) OK
  1 (allele 2) .. (457 fragments) OK
  2 (allele 1) .. (48 fragments) OK
  2 (allele 2) .. (50 fragments) OK
  Done simulating reads.
